// Jest Snapshot v1, https://goo.gl/fbAQLP

exports[`App component renders app without crashing 1`] = `
<div
  className="app is-loading"
>
  <h1
    className="keroboto2"
  >
    Kelisto
  </h1>
  <div
    className="wrapper"
  >
    <div
      className="keloading"
    >
      <img
        alt="loading"
        height="256"
        src="ball.gif"
        width="256"
      />
    </div>
  </div>
</div>
`;
